// Jest Snapshot v1, https://goo.gl/fbAQLP

exports[`App snapshot renders the loading screen 1`] = `null`;

exports[`App snapshot renders the root without loading screen 1`] = `
<View
  collapsable={false}
  style={
    Object {
      "flex": 1,
    }
  }
>
  <View
    style={
      Object {
        "backgroundColor": "#fff",
        "flex": 1,
      }
    }
  >
    <View
      style={
        Object {
          "flex": 1,
          "flexDirection": "column",
        }
      }
    >
      <View
        accessibilityIgnoresInvertColors={true}
        style={
          Object {
            "height": "100%",
            "width": "100%",
          }
        }
      >
        <Image
          source={1}
          style={
            Array [
              Object {
                "bottom": 0,
                "left": 0,
                "position": "absolute",
                "right": 0,
                "top": 0,
              },
              Object {
                "height": "100%",
                "width": "100%",
              },
              undefined,
            ]
          }
        />
      </View>
    </View>
  </View>
</View>
`;
